
> frontend@0.0.0 build
> tsc -b && vite build

src/App.tsx(9,25): error TS6133: 'Link' is declared but its value is never read.
src/components/dealer/DealerDashboard.tsx(18,3): error TS6133: 'Users' is declared but its value is never read.
src/components/dealer/DealerInventory.tsx(4,87): error TS6133: 'Filter' is declared but its value is never read.
src/components/dealer/DealerInventory.tsx(17,10): error TS6133: 'bulkAmount' is declared but its value is never read.
src/components/dealer/DealerInventory.tsx(17,22): error TS6133: 'setBulkAmount' is declared but its value is never read.
src/components/pages/ContactPage.tsx(6,3): error TS6133: 'Link' is declared but its value is never read.
src/components/pages/ContactPage.tsx(94,23): error TS2322: Type '{ hidden: { opacity: number; y: number; }; visible: (i?: number) => { opacity: number; y: number; transition: { duration: number; delay: number; ease: number[]; }; }; }' is not assignable to type 'Variants'.
  Property 'visible' is incompatible with index signature.
    Type '(i?: number) => { opacity: number; y: number; transition: { duration: number; delay: number; ease: number[]; }; }' is not assignable to type 'Variant'.
      Type '(i?: number) => { opacity: number; y: number; transition: { duration: number; delay: number; ease: number[]; }; }' is not assignable to type 'TargetResolver'.
        Type '{ opacity: number; y: number; transition: { duration: number; delay: number; ease: number[]; }; }' is not assignable to type 'string | TargetAndTransition'.
          Type '{ opacity: number; y: number; transition: { duration: number; delay: number; ease: number[]; }; }' is not assignable to type 'TargetAndTransition'.
            Type '{ opacity: number; y: number; transition: { duration: number; delay: number; ease: number[]; }; }' is not assignable to type '{ transition?: Transition<any> | undefined; transitionEnd?: ResolvedValues$1 | undefined; }'.
              Types of property 'transition' are incompatible.
                Type '{ duration: number; delay: number; ease: number[]; }' is not assignable to type 'Transition<any> | undefined'.
                  Type '{ duration: number; delay: number; ease: number[]; }' is not assignable to type 'TransitionWithValueOverrides<any>'.
                    Type '{ duration: number; delay: number; ease: number[]; }' is not assignable to type 'ValueAnimationTransition<any>'.
                      Types of property 'ease' are incompatible.
                        Type 'number[]' is not assignable to type 'Easing | Easing[] | undefined'.
                          Type 'number[]' is not assignable to type 'EasingFunction | Easing[]'.
                            Type 'number[]' is not assignable to type 'Easing[]'.
                              Type 'number' is not assignable to type 'Easing'.
src/components/pages/ContactPage.tsx(100,22): error TS2322: Type '{ hidden: { opacity: number; y: number; }; visible: (i?: number) => { opacity: number; y: number; transition: { duration: number; delay: number; ease: number[]; }; }; }' is not assignable to type 'Variants'.
  Property 'visible' is incompatible with index signature.
    Type '(i?: number) => { opacity: number; y: number; transition: { duration: number; delay: number; ease: number[]; }; }' is not assignable to type 'Variant'.
      Type '(i?: number) => { opacity: number; y: number; transition: { duration: number; delay: number; ease: number[]; }; }' is not assignable to type 'TargetResolver'.
        Type '{ opacity: number; y: number; transition: { duration: number; delay: number; ease: number[]; }; }' is not assignable to type 'string | TargetAndTransition'.
          Type '{ opacity: number; y: number; transition: { duration: number; delay: number; ease: number[]; }; }' is not assignable to type 'TargetAndTransition'.
            Type '{ opacity: number; y: number; transition: { duration: number; delay: number; ease: number[]; }; }' is not assignable to type '{ transition?: Transition<any> | undefined; transitionEnd?: ResolvedValues$1 | undefined; }'.
              Types of property 'transition' are incompatible.
                Type '{ duration: number; delay: number; ease: number[]; }' is not assignable to type 'Transition<any> | undefined'.
                  Type '{ duration: number; delay: number; ease: number[]; }' is not assignable to type 'TransitionWithValueOverrides<any>'.
                    Type '{ duration: number; delay: number; ease: number[]; }' is not assignable to type 'ValueAnimationTransition<any>'.
                      Types of property 'ease' are incompatible.
                        Type 'number[]' is not assignable to type 'Easing | Easing[] | undefined'.
                          Type 'number[]' is not assignable to type 'EasingFunction | Easing[]'.
                            Type 'number[]' is not assignable to type 'Easing[]'.
                              Type 'number' is not assignable to type 'Easing'.
src/components/pages/ContactPage.tsx(105,21): error TS2322: Type '{ hidden: { opacity: number; y: number; }; visible: (i?: number) => { opacity: number; y: number; transition: { duration: number; delay: number; ease: number[]; }; }; }' is not assignable to type 'Variants'.
  Property 'visible' is incompatible with index signature.
    Type '(i?: number) => { opacity: number; y: number; transition: { duration: number; delay: number; ease: number[]; }; }' is not assignable to type 'Variant'.
      Type '(i?: number) => { opacity: number; y: number; transition: { duration: number; delay: number; ease: number[]; }; }' is not assignable to type 'TargetResolver'.
        Type '{ opacity: number; y: number; transition: { duration: number; delay: number; ease: number[]; }; }' is not assignable to type 'string | TargetAndTransition'.
          Type '{ opacity: number; y: number; transition: { duration: number; delay: number; ease: number[]; }; }' is not assignable to type 'TargetAndTransition'.
            Type '{ opacity: number; y: number; transition: { duration: number; delay: number; ease: number[]; }; }' is not assignable to type '{ transition?: Transition<any> | undefined; transitionEnd?: ResolvedValues$1 | undefined; }'.
              Types of property 'transition' are incompatible.
                Type '{ duration: number; delay: number; ease: number[]; }' is not assignable to type 'Transition<any> | undefined'.
                  Type '{ duration: number; delay: number; ease: number[]; }' is not assignable to type 'TransitionWithValueOverrides<any>'.
                    Type '{ duration: number; delay: number; ease: number[]; }' is not assignable to type 'ValueAnimationTransition<any>'.
                      Types of property 'ease' are incompatible.
                        Type 'number[]' is not assignable to type 'Easing | Easing[] | undefined'.
                          Type 'number[]' is not assignable to type 'EasingFunction | Easing[]'.
                            Type 'number[]' is not assignable to type 'Easing[]'.
                              Type 'number' is not assignable to type 'Easing'.
src/components/pages/ContactPage.tsx(135,23): error TS2322: Type '{ hidden: { opacity: number; y: number; }; visible: (i?: number) => { opacity: number; y: number; transition: { duration: number; delay: number; ease: number[]; }; }; }' is not assignable to type 'Variants'.
  Property 'visible' is incompatible with index signature.
    Type '(i?: number) => { opacity: number; y: number; transition: { duration: number; delay: number; ease: number[]; }; }' is not assignable to type 'Variant'.
      Type '(i?: number) => { opacity: number; y: number; transition: { duration: number; delay: number; ease: number[]; }; }' is not assignable to type 'TargetResolver'.
        Type '{ opacity: number; y: number; transition: { duration: number; delay: number; ease: number[]; }; }' is not assignable to type 'string | TargetAndTransition'.
          Type '{ opacity: number; y: number; transition: { duration: number; delay: number; ease: number[]; }; }' is not assignable to type 'TargetAndTransition'.
            Type '{ opacity: number; y: number; transition: { duration: number; delay: number; ease: number[]; }; }' is not assignable to type '{ transition?: Transition<any> | undefined; transitionEnd?: ResolvedValues$1 | undefined; }'.
              Types of property 'transition' are incompatible.
                Type '{ duration: number; delay: number; ease: number[]; }' is not assignable to type 'Transition<any> | undefined'.
                  Type '{ duration: number; delay: number; ease: number[]; }' is not assignable to type 'TransitionWithValueOverrides<any>'.
                    Type '{ duration: number; delay: number; ease: number[]; }' is not assignable to type 'ValueAnimationTransition<any>'.
                      Types of property 'ease' are incompatible.
                        Type 'number[]' is not assignable to type 'Easing | Easing[] | undefined'.
                          Type 'number[]' is not assignable to type 'EasingFunction | Easing[]'.
                            Type 'number[]' is not assignable to type 'Easing[]'.
                              Type 'number' is not assignable to type 'Easing'.
src/components/pages/ContactPage.tsx(138,52): error TS2322: Type '{ hidden: { opacity: number; y: number; }; visible: (i?: number) => { opacity: number; y: number; transition: { duration: number; delay: number; ease: number[]; }; }; }' is not assignable to type 'Variants'.
  Property 'visible' is incompatible with index signature.
    Type '(i?: number) => { opacity: number; y: number; transition: { duration: number; delay: number; ease: number[]; }; }' is not assignable to type 'Variant'.
      Type '(i?: number) => { opacity: number; y: number; transition: { duration: number; delay: number; ease: number[]; }; }' is not assignable to type 'TargetResolver'.
        Type '{ opacity: number; y: number; transition: { duration: number; delay: number; ease: number[]; }; }' is not assignable to type 'string | TargetAndTransition'.
          Type '{ opacity: number; y: number; transition: { duration: number; delay: number; ease: number[]; }; }' is not assignable to type 'TargetAndTransition'.
            Type '{ opacity: number; y: number; transition: { duration: number; delay: number; ease: number[]; }; }' is not assignable to type '{ transition?: Transition<any> | undefined; transitionEnd?: ResolvedValues$1 | undefined; }'.
              Types of property 'transition' are incompatible.
                Type '{ duration: number; delay: number; ease: number[]; }' is not assignable to type 'Transition<any> | undefined'.
                  Type '{ duration: number; delay: number; ease: number[]; }' is not assignable to type 'TransitionWithValueOverrides<any>'.
                    Type '{ duration: number; delay: number; ease: number[]; }' is not assignable to type 'ValueAnimationTransition<any>'.
                      Types of property 'ease' are incompatible.
                        Type 'number[]' is not assignable to type 'Easing | Easing[] | undefined'.
                          Type 'number[]' is not assignable to type 'EasingFunction | Easing[]'.
                            Type 'number[]' is not assignable to type 'Easing[]'.
                              Type 'number' is not assignable to type 'Easing'.
src/components/pages/ContactPage.tsx(156,15): error TS2322: Type '{ hidden: { opacity: number; y: number; }; visible: (i?: number) => { opacity: number; y: number; transition: { duration: number; delay: number; ease: number[]; }; }; }' is not assignable to type 'Variants'.
  Property 'visible' is incompatible with index signature.
    Type '(i?: number) => { opacity: number; y: number; transition: { duration: number; delay: number; ease: number[]; }; }' is not assignable to type 'Variant'.
      Type '(i?: number) => { opacity: number; y: number; transition: { duration: number; delay: number; ease: number[]; }; }' is not assignable to type 'TargetResolver'.
        Type '{ opacity: number; y: number; transition: { duration: number; delay: number; ease: number[]; }; }' is not assignable to type 'string | TargetAndTransition'.
          Type '{ opacity: number; y: number; transition: { duration: number; delay: number; ease: number[]; }; }' is not assignable to type 'TargetAndTransition'.
            Type '{ opacity: number; y: number; transition: { duration: number; delay: number; ease: number[]; }; }' is not assignable to type '{ transition?: Transition<any> | undefined; transitionEnd?: ResolvedValues$1 | undefined; }'.
              Types of property 'transition' are incompatible.
                Type '{ duration: number; delay: number; ease: number[]; }' is not assignable to type 'Transition<any> | undefined'.
                  Type '{ duration: number; delay: number; ease: number[]; }' is not assignable to type 'TransitionWithValueOverrides<any>'.
                    Type '{ duration: number; delay: number; ease: number[]; }' is not assignable to type 'ValueAnimationTransition<any>'.
                      Types of property 'ease' are incompatible.
                        Type 'number[]' is not assignable to type 'Easing | Easing[] | undefined'.
                          Type 'number[]' is not assignable to type 'EasingFunction | Easing[]'.
                            Type 'number[]' is not assignable to type 'Easing[]'.
                              Type 'number' is not assignable to type 'Easing'.
src/components/pages/ContactPage.tsx(187,23): error TS2322: Type '{ hidden: { opacity: number; y: number; }; visible: (i?: number) => { opacity: number; y: number; transition: { duration: number; delay: number; ease: number[]; }; }; }' is not assignable to type 'Variants'.
  Property 'visible' is incompatible with index signature.
    Type '(i?: number) => { opacity: number; y: number; transition: { duration: number; delay: number; ease: number[]; }; }' is not assignable to type 'Variant'.
      Type '(i?: number) => { opacity: number; y: number; transition: { duration: number; delay: number; ease: number[]; }; }' is not assignable to type 'TargetResolver'.
        Type '{ opacity: number; y: number; transition: { duration: number; delay: number; ease: number[]; }; }' is not assignable to type 'string | TargetAndTransition'.
          Type '{ opacity: number; y: number; transition: { duration: number; delay: number; ease: number[]; }; }' is not assignable to type 'TargetAndTransition'.
            Type '{ opacity: number; y: number; transition: { duration: number; delay: number; ease: number[]; }; }' is not assignable to type '{ transition?: Transition<any> | undefined; transitionEnd?: ResolvedValues$1 | undefined; }'.
              Types of property 'transition' are incompatible.
                Type '{ duration: number; delay: number; ease: number[]; }' is not assignable to type 'Transition<any> | undefined'.
                  Type '{ duration: number; delay: number; ease: number[]; }' is not assignable to type 'TransitionWithValueOverrides<any>'.
                    Type '{ duration: number; delay: number; ease: number[]; }' is not assignable to type 'ValueAnimationTransition<any>'.
                      Types of property 'ease' are incompatible.
                        Type 'number[]' is not assignable to type 'Easing | Easing[] | undefined'.
                          Type 'number[]' is not assignable to type 'EasingFunction | Easing[]'.
                            Type 'number[]' is not assignable to type 'Easing[]'.
                              Type 'number' is not assignable to type 'Easing'.
src/components/pages/ContactPage.tsx(296,34): error TS2322: Type '{ hidden: { opacity: number; y: number; }; visible: (i?: number) => { opacity: number; y: number; transition: { duration: number; delay: number; ease: number[]; }; }; }' is not assignable to type 'Variants'.
  Property 'visible' is incompatible with index signature.
    Type '(i?: number) => { opacity: number; y: number; transition: { duration: number; delay: number; ease: number[]; }; }' is not assignable to type 'Variant'.
      Type '(i?: number) => { opacity: number; y: number; transition: { duration: number; delay: number; ease: number[]; }; }' is not assignable to type 'TargetResolver'.
        Type '{ opacity: number; y: number; transition: { duration: number; delay: number; ease: number[]; }; }' is not assignable to type 'string | TargetAndTransition'.
          Type '{ opacity: number; y: number; transition: { duration: number; delay: number; ease: number[]; }; }' is not assignable to type 'TargetAndTransition'.
            Type '{ opacity: number; y: number; transition: { duration: number; delay: number; ease: number[]; }; }' is not assignable to type '{ transition?: Transition<any> | undefined; transitionEnd?: ResolvedValues$1 | undefined; }'.
              Types of property 'transition' are incompatible.
                Type '{ duration: number; delay: number; ease: number[]; }' is not assignable to type 'Transition<any> | undefined'.
                  Type '{ duration: number; delay: number; ease: number[]; }' is not assignable to type 'TransitionWithValueOverrides<any>'.
                    Type '{ duration: number; delay: number; ease: number[]; }' is not assignable to type 'ValueAnimationTransition<any>'.
                      Types of property 'ease' are incompatible.
                        Type 'number[]' is not assignable to type 'Easing | Easing[] | undefined'.
                          Type 'number[]' is not assignable to type 'EasingFunction | Easing[]'.
                            Type 'number[]' is not assignable to type 'Easing[]'.
                              Type 'number' is not assignable to type 'Easing'.
src/components/pages/ContactPage.tsx(323,25): error TS2322: Type '{ hidden: { opacity: number; y: number; }; visible: (i?: number) => { opacity: number; y: number; transition: { duration: number; delay: number; ease: number[]; }; }; }' is not assignable to type 'Variants'.
  Property 'visible' is incompatible with index signature.
    Type '(i?: number) => { opacity: number; y: number; transition: { duration: number; delay: number; ease: number[]; }; }' is not assignable to type 'Variant'.
      Type '(i?: number) => { opacity: number; y: number; transition: { duration: number; delay: number; ease: number[]; }; }' is not assignable to type 'TargetResolver'.
        Type '{ opacity: number; y: number; transition: { duration: number; delay: number; ease: number[]; }; }' is not assignable to type 'string | TargetAndTransition'.
          Type '{ opacity: number; y: number; transition: { duration: number; delay: number; ease: number[]; }; }' is not assignable to type 'TargetAndTransition'.
            Type '{ opacity: number; y: number; transition: { duration: number; delay: number; ease: number[]; }; }' is not assignable to type '{ transition?: Transition<any> | undefined; transitionEnd?: ResolvedValues$1 | undefined; }'.
              Types of property 'transition' are incompatible.
                Type '{ duration: number; delay: number; ease: number[]; }' is not assignable to type 'Transition<any> | undefined'.
                  Type '{ duration: number; delay: number; ease: number[]; }' is not assignable to type 'TransitionWithValueOverrides<any>'.
                    Type '{ duration: number; delay: number; ease: number[]; }' is not assignable to type 'ValueAnimationTransition<any>'.
                      Types of property 'ease' are incompatible.
                        Type 'number[]' is not assignable to type 'Easing | Easing[] | undefined'.
                          Type 'number[]' is not assignable to type 'EasingFunction | Easing[]'.
                            Type 'number[]' is not assignable to type 'Easing[]'.
                              Type 'number' is not assignable to type 'Easing'.
src/components/pages/ContactPage.tsx(344,25): error TS2322: Type '{ hidden: { opacity: number; y: number; }; visible: (i?: number) => { opacity: number; y: number; transition: { duration: number; delay: number; ease: number[]; }; }; }' is not assignable to type 'Variants'.
  Property 'visible' is incompatible with index signature.
    Type '(i?: number) => { opacity: number; y: number; transition: { duration: number; delay: number; ease: number[]; }; }' is not assignable to type 'Variant'.
      Type '(i?: number) => { opacity: number; y: number; transition: { duration: number; delay: number; ease: number[]; }; }' is not assignable to type 'TargetResolver'.
        Type '{ opacity: number; y: number; transition: { duration: number; delay: number; ease: number[]; }; }' is not assignable to type 'string | TargetAndTransition'.
          Type '{ opacity: number; y: number; transition: { duration: number; delay: number; ease: number[]; }; }' is not assignable to type 'TargetAndTransition'.
            Type '{ opacity: number; y: number; transition: { duration: number; delay: number; ease: number[]; }; }' is not assignable to type '{ transition?: Transition<any> | undefined; transitionEnd?: ResolvedValues$1 | undefined; }'.
              Types of property 'transition' are incompatible.
                Type '{ duration: number; delay: number; ease: number[]; }' is not assignable to type 'Transition<any> | undefined'.
                  Type '{ duration: number; delay: number; ease: number[]; }' is not assignable to type 'TransitionWithValueOverrides<any>'.
                    Type '{ duration: number; delay: number; ease: number[]; }' is not assignable to type 'ValueAnimationTransition<any>'.
                      Types of property 'ease' are incompatible.
                        Type 'number[]' is not assignable to type 'Easing | Easing[] | undefined'.
                          Type 'number[]' is not assignable to type 'EasingFunction | Easing[]'.
                            Type 'number[]' is not assignable to type 'Easing[]'.
                              Type 'number' is not assignable to type 'Easing'.
src/components/pages/ContactPage.tsx(374,49): error TS2322: Type '{ hidden: { opacity: number; y: number; }; visible: (i?: number) => { opacity: number; y: number; transition: { duration: number; delay: number; ease: number[]; }; }; }' is not assignable to type 'Variants'.
  Property 'visible' is incompatible with index signature.
    Type '(i?: number) => { opacity: number; y: number; transition: { duration: number; delay: number; ease: number[]; }; }' is not assignable to type 'Variant'.
      Type '(i?: number) => { opacity: number; y: number; transition: { duration: number; delay: number; ease: number[]; }; }' is not assignable to type 'TargetResolver'.
        Type '{ opacity: number; y: number; transition: { duration: number; delay: number; ease: number[]; }; }' is not assignable to type 'string | TargetAndTransition'.
          Type '{ opacity: number; y: number; transition: { duration: number; delay: number; ease: number[]; }; }' is not assignable to type 'TargetAndTransition'.
            Type '{ opacity: number; y: number; transition: { duration: number; delay: number; ease: number[]; }; }' is not assignable to type '{ transition?: Transition<any> | undefined; transitionEnd?: ResolvedValues$1 | undefined; }'.
              Types of property 'transition' are incompatible.
                Type '{ duration: number; delay: number; ease: number[]; }' is not assignable to type 'Transition<any> | undefined'.
                  Type '{ duration: number; delay: number; ease: number[]; }' is not assignable to type 'TransitionWithValueOverrides<any>'.
                    Type '{ duration: number; delay: number; ease: number[]; }' is not assignable to type 'ValueAnimationTransition<any>'.
                      Types of property 'ease' are incompatible.
                        Type 'number[]' is not assignable to type 'Easing | Easing[] | undefined'.
                          Type 'number[]' is not assignable to type 'EasingFunction | Easing[]'.
                            Type 'number[]' is not assignable to type 'Easing[]'.
                              Type 'number' is not assignable to type 'Easing'.
src/components/pages/TraceabilityPage.tsx(8,17): error TS6133: 'Loader2' is declared but its value is never read.
src/components/pages/TraceabilityPage.tsx(124,23): error TS2322: Type '{ hidden: { opacity: number; y: number; }; visible: (i?: number) => { opacity: number; y: number; transition: { duration: number; delay: number; ease: number[]; }; }; }' is not assignable to type 'Variants'.
  Property 'visible' is incompatible with index signature.
    Type '(i?: number) => { opacity: number; y: number; transition: { duration: number; delay: number; ease: number[]; }; }' is not assignable to type 'Variant'.
      Type '(i?: number) => { opacity: number; y: number; transition: { duration: number; delay: number; ease: number[]; }; }' is not assignable to type 'TargetResolver'.
        Type '{ opacity: number; y: number; transition: { duration: number; delay: number; ease: number[]; }; }' is not assignable to type 'string | TargetAndTransition'.
          Type '{ opacity: number; y: number; transition: { duration: number; delay: number; ease: number[]; }; }' is not assignable to type 'TargetAndTransition'.
            Type '{ opacity: number; y: number; transition: { duration: number; delay: number; ease: number[]; }; }' is not assignable to type '{ transition?: Transition<any> | undefined; transitionEnd?: ResolvedValues$1 | undefined; }'.
              Types of property 'transition' are incompatible.
                Type '{ duration: number; delay: number; ease: number[]; }' is not assignable to type 'Transition<any> | undefined'.
                  Type '{ duration: number; delay: number; ease: number[]; }' is not assignable to type 'TransitionWithValueOverrides<any>'.
                    Type '{ duration: number; delay: number; ease: number[]; }' is not assignable to type 'ValueAnimationTransition<any>'.
                      Types of property 'ease' are incompatible.
                        Type 'number[]' is not assignable to type 'Easing | Easing[] | undefined'.
                          Type 'number[]' is not assignable to type 'EasingFunction | Easing[]'.
                            Type 'number[]' is not assignable to type 'Easing[]'.
                              Type 'number' is not assignable to type 'Easing'.
src/components/pages/TraceabilityPage.tsx(130,22): error TS2322: Type '{ hidden: { opacity: number; y: number; }; visible: (i?: number) => { opacity: number; y: number; transition: { duration: number; delay: number; ease: number[]; }; }; }' is not assignable to type 'Variants'.
  Property 'visible' is incompatible with index signature.
    Type '(i?: number) => { opacity: number; y: number; transition: { duration: number; delay: number; ease: number[]; }; }' is not assignable to type 'Variant'.
      Type '(i?: number) => { opacity: number; y: number; transition: { duration: number; delay: number; ease: number[]; }; }' is not assignable to type 'TargetResolver'.
        Type '{ opacity: number; y: number; transition: { duration: number; delay: number; ease: number[]; }; }' is not assignable to type 'string | TargetAndTransition'.
          Type '{ opacity: number; y: number; transition: { duration: number; delay: number; ease: number[]; }; }' is not assignable to type 'TargetAndTransition'.
            Type '{ opacity: number; y: number; transition: { duration: number; delay: number; ease: number[]; }; }' is not assignable to type '{ transition?: Transition<any> | undefined; transitionEnd?: ResolvedValues$1 | undefined; }'.
              Types of property 'transition' are incompatible.
                Type '{ duration: number; delay: number; ease: number[]; }' is not assignable to type 'Transition<any> | undefined'.
                  Type '{ duration: number; delay: number; ease: number[]; }' is not assignable to type 'TransitionWithValueOverrides<any>'.
                    Type '{ duration: number; delay: number; ease: number[]; }' is not assignable to type 'ValueAnimationTransition<any>'.
                      Types of property 'ease' are incompatible.
                        Type 'number[]' is not assignable to type 'Easing | Easing[] | undefined'.
                          Type 'number[]' is not assignable to type 'EasingFunction | Easing[]'.
                            Type 'number[]' is not assignable to type 'Easing[]'.
                              Type 'number' is not assignable to type 'Easing'.
src/components/pages/TraceabilityPage.tsx(135,21): error TS2322: Type '{ hidden: { opacity: number; y: number; }; visible: (i?: number) => { opacity: number; y: number; transition: { duration: number; delay: number; ease: number[]; }; }; }' is not assignable to type 'Variants'.
  Property 'visible' is incompatible with index signature.
    Type '(i?: number) => { opacity: number; y: number; transition: { duration: number; delay: number; ease: number[]; }; }' is not assignable to type 'Variant'.
      Type '(i?: number) => { opacity: number; y: number; transition: { duration: number; delay: number; ease: number[]; }; }' is not assignable to type 'TargetResolver'.
        Type '{ opacity: number; y: number; transition: { duration: number; delay: number; ease: number[]; }; }' is not assignable to type 'string | TargetAndTransition'.
          Type '{ opacity: number; y: number; transition: { duration: number; delay: number; ease: number[]; }; }' is not assignable to type 'TargetAndTransition'.
            Type '{ opacity: number; y: number; transition: { duration: number; delay: number; ease: number[]; }; }' is not assignable to type '{ transition?: Transition<any> | undefined; transitionEnd?: ResolvedValues$1 | undefined; }'.
              Types of property 'transition' are incompatible.
                Type '{ duration: number; delay: number; ease: number[]; }' is not assignable to type 'Transition<any> | undefined'.
                  Type '{ duration: number; delay: number; ease: number[]; }' is not assignable to type 'TransitionWithValueOverrides<any>'.
                    Type '{ duration: number; delay: number; ease: number[]; }' is not assignable to type 'ValueAnimationTransition<any>'.
                      Types of property 'ease' are incompatible.
                        Type 'number[]' is not assignable to type 'Easing | Easing[] | undefined'.
                          Type 'number[]' is not assignable to type 'EasingFunction | Easing[]'.
                            Type 'number[]' is not assignable to type 'Easing[]'.
                              Type 'number' is not assignable to type 'Easing'.
src/components/pages/TraceabilityPage.tsx(142,24): error TS2322: Type '{ hidden: { opacity: number; y: number; }; visible: (i?: number) => { opacity: number; y: number; transition: { duration: number; delay: number; ease: number[]; }; }; }' is not assignable to type 'Variants'.
  Property 'visible' is incompatible with index signature.
    Type '(i?: number) => { opacity: number; y: number; transition: { duration: number; delay: number; ease: number[]; }; }' is not assignable to type 'Variant'.
      Type '(i?: number) => { opacity: number; y: number; transition: { duration: number; delay: number; ease: number[]; }; }' is not assignable to type 'TargetResolver'.
        Type '{ opacity: number; y: number; transition: { duration: number; delay: number; ease: number[]; }; }' is not assignable to type 'string | TargetAndTransition'.
          Type '{ opacity: number; y: number; transition: { duration: number; delay: number; ease: number[]; }; }' is not assignable to type 'TargetAndTransition'.
            Type '{ opacity: number; y: number; transition: { duration: number; delay: number; ease: number[]; }; }' is not assignable to type '{ transition?: Transition<any> | undefined; transitionEnd?: ResolvedValues$1 | undefined; }'.
              Types of property 'transition' are incompatible.
                Type '{ duration: number; delay: number; ease: number[]; }' is not assignable to type 'Transition<any> | undefined'.
                  Type '{ duration: number; delay: number; ease: number[]; }' is not assignable to type 'TransitionWithValueOverrides<any>'.
                    Type '{ duration: number; delay: number; ease: number[]; }' is not assignable to type 'ValueAnimationTransition<any>'.
                      Types of property 'ease' are incompatible.
                        Type 'number[]' is not assignable to type 'Easing | Easing[] | undefined'.
                          Type 'number[]' is not assignable to type 'EasingFunction | Easing[]'.
                            Type 'number[]' is not assignable to type 'Easing[]'.
                              Type 'number' is not assignable to type 'Easing'.
src/components/pages/TraceabilityPage.tsx(163,23): error TS2322: Type '{ hidden: { opacity: number; y: number; }; visible: (i?: number) => { opacity: number; y: number; transition: { duration: number; delay: number; ease: number[]; }; }; }' is not assignable to type 'Variants'.
  Property 'visible' is incompatible with index signature.
    Type '(i?: number) => { opacity: number; y: number; transition: { duration: number; delay: number; ease: number[]; }; }' is not assignable to type 'Variant'.
      Type '(i?: number) => { opacity: number; y: number; transition: { duration: number; delay: number; ease: number[]; }; }' is not assignable to type 'TargetResolver'.
        Type '{ opacity: number; y: number; transition: { duration: number; delay: number; ease: number[]; }; }' is not assignable to type 'string | TargetAndTransition'.
          Type '{ opacity: number; y: number; transition: { duration: number; delay: number; ease: number[]; }; }' is not assignable to type 'TargetAndTransition'.
            Type '{ opacity: number; y: number; transition: { duration: number; delay: number; ease: number[]; }; }' is not assignable to type '{ transition?: Transition<any> | undefined; transitionEnd?: ResolvedValues$1 | undefined; }'.
              Types of property 'transition' are incompatible.
                Type '{ duration: number; delay: number; ease: number[]; }' is not assignable to type 'Transition<any> | undefined'.
                  Type '{ duration: number; delay: number; ease: number[]; }' is not assignable to type 'TransitionWithValueOverrides<any>'.
                    Type '{ duration: number; delay: number; ease: number[]; }' is not assignable to type 'ValueAnimationTransition<any>'.
                      Types of property 'ease' are incompatible.
                        Type 'number[]' is not assignable to type 'Easing | Easing[] | undefined'.
                          Type 'number[]' is not assignable to type 'EasingFunction | Easing[]'.
                            Type 'number[]' is not assignable to type 'Easing[]'.
                              Type 'number' is not assignable to type 'Easing'.
src/components/pages/TraceabilityPage.tsx(175,50): error TS2322: Type '{ hidden: { opacity: number; y: number; }; visible: (i?: number) => { opacity: number; y: number; transition: { duration: number; delay: number; ease: number[]; }; }; }' is not assignable to type 'Variants'.
  Property 'visible' is incompatible with index signature.
    Type '(i?: number) => { opacity: number; y: number; transition: { duration: number; delay: number; ease: number[]; }; }' is not assignable to type 'Variant'.
      Type '(i?: number) => { opacity: number; y: number; transition: { duration: number; delay: number; ease: number[]; }; }' is not assignable to type 'TargetResolver'.
        Type '{ opacity: number; y: number; transition: { duration: number; delay: number; ease: number[]; }; }' is not assignable to type 'string | TargetAndTransition'.
          Type '{ opacity: number; y: number; transition: { duration: number; delay: number; ease: number[]; }; }' is not assignable to type 'TargetAndTransition'.
            Type '{ opacity: number; y: number; transition: { duration: number; delay: number; ease: number[]; }; }' is not assignable to type '{ transition?: Transition<any> | undefined; transitionEnd?: ResolvedValues$1 | undefined; }'.
              Types of property 'transition' are incompatible.
                Type '{ duration: number; delay: number; ease: number[]; }' is not assignable to type 'Transition<any> | undefined'.
                  Type '{ duration: number; delay: number; ease: number[]; }' is not assignable to type 'TransitionWithValueOverrides<any>'.
                    Type '{ duration: number; delay: number; ease: number[]; }' is not assignable to type 'ValueAnimationTransition<any>'.
                      Types of property 'ease' are incompatible.
                        Type 'number[]' is not assignable to type 'Easing | Easing[] | undefined'.
                          Type 'number[]' is not assignable to type 'EasingFunction | Easing[]'.
                            Type 'number[]' is not assignable to type 'Easing[]'.
                              Type 'number' is not assignable to type 'Easing'.
src/components/pages/TraceabilityPage.tsx(229,29): error TS2322: Type '{ hidden: { opacity: number; y: number; }; visible: (i?: number) => { opacity: number; y: number; transition: { duration: number; delay: number; ease: number[]; }; }; }' is not assignable to type 'Variants'.
  Property 'visible' is incompatible with index signature.
    Type '(i?: number) => { opacity: number; y: number; transition: { duration: number; delay: number; ease: number[]; }; }' is not assignable to type 'Variant'.
      Type '(i?: number) => { opacity: number; y: number; transition: { duration: number; delay: number; ease: number[]; }; }' is not assignable to type 'TargetResolver'.
        Type '{ opacity: number; y: number; transition: { duration: number; delay: number; ease: number[]; }; }' is not assignable to type 'string | TargetAndTransition'.
          Type '{ opacity: number; y: number; transition: { duration: number; delay: number; ease: number[]; }; }' is not assignable to type 'TargetAndTransition'.
            Type '{ opacity: number; y: number; transition: { duration: number; delay: number; ease: number[]; }; }' is not assignable to type '{ transition?: Transition<any> | undefined; transitionEnd?: ResolvedValues$1 | undefined; }'.
              Types of property 'transition' are incompatible.
                Type '{ duration: number; delay: number; ease: number[]; }' is not assignable to type 'Transition<any> | undefined'.
                  Type '{ duration: number; delay: number; ease: number[]; }' is not assignable to type 'TransitionWithValueOverrides<any>'.
                    Type '{ duration: number; delay: number; ease: number[]; }' is not assignable to type 'ValueAnimationTransition<any>'.
                      Types of property 'ease' are incompatible.
                        Type 'number[]' is not assignable to type 'Easing | Easing[] | undefined'.
                          Type 'number[]' is not assignable to type 'EasingFunction | Easing[]'.
                            Type 'number[]' is not assignable to type 'Easing[]'.
                              Type 'number' is not assignable to type 'Easing'.
src/components/pages/TraceabilityPage.tsx(281,29): error TS2322: Type '{ hidden: { opacity: number; y: number; }; visible: (i?: number) => { opacity: number; y: number; transition: { duration: number; delay: number; ease: number[]; }; }; }' is not assignable to type 'Variants'.
  Property 'visible' is incompatible with index signature.
    Type '(i?: number) => { opacity: number; y: number; transition: { duration: number; delay: number; ease: number[]; }; }' is not assignable to type 'Variant'.
      Type '(i?: number) => { opacity: number; y: number; transition: { duration: number; delay: number; ease: number[]; }; }' is not assignable to type 'TargetResolver'.
        Type '{ opacity: number; y: number; transition: { duration: number; delay: number; ease: number[]; }; }' is not assignable to type 'string | TargetAndTransition'.
          Type '{ opacity: number; y: number; transition: { duration: number; delay: number; ease: number[]; }; }' is not assignable to type 'TargetAndTransition'.
            Type '{ opacity: number; y: number; transition: { duration: number; delay: number; ease: number[]; }; }' is not assignable to type '{ transition?: Transition<any> | undefined; transitionEnd?: ResolvedValues$1 | undefined; }'.
              Types of property 'transition' are incompatible.
                Type '{ duration: number; delay: number; ease: number[]; }' is not assignable to type 'Transition<any> | undefined'.
                  Type '{ duration: number; delay: number; ease: number[]; }' is not assignable to type 'TransitionWithValueOverrides<any>'.
                    Type '{ duration: number; delay: number; ease: number[]; }' is not assignable to type 'ValueAnimationTransition<any>'.
                      Types of property 'ease' are incompatible.
                        Type 'number[]' is not assignable to type 'Easing | Easing[] | undefined'.
                          Type 'number[]' is not assignable to type 'EasingFunction | Easing[]'.
                            Type 'number[]' is not assignable to type 'Easing[]'.
                              Type 'number' is not assignable to type 'Easing'.
src/components/pages/TraceabilityPage.tsx(339,33): error TS2322: Type '{ hidden: { opacity: number; y: number; }; visible: (i?: number) => { opacity: number; y: number; transition: { duration: number; delay: number; ease: number[]; }; }; }' is not assignable to type 'Variants'.
  Property 'visible' is incompatible with index signature.
    Type '(i?: number) => { opacity: number; y: number; transition: { duration: number; delay: number; ease: number[]; }; }' is not assignable to type 'Variant'.
      Type '(i?: number) => { opacity: number; y: number; transition: { duration: number; delay: number; ease: number[]; }; }' is not assignable to type 'TargetResolver'.
        Type '{ opacity: number; y: number; transition: { duration: number; delay: number; ease: number[]; }; }' is not assignable to type 'string | TargetAndTransition'.
          Type '{ opacity: number; y: number; transition: { duration: number; delay: number; ease: number[]; }; }' is not assignable to type 'TargetAndTransition'.
            Type '{ opacity: number; y: number; transition: { duration: number; delay: number; ease: number[]; }; }' is not assignable to type '{ transition?: Transition<any> | undefined; transitionEnd?: ResolvedValues$1 | undefined; }'.
              Types of property 'transition' are incompatible.
                Type '{ duration: number; delay: number; ease: number[]; }' is not assignable to type 'Transition<any> | undefined'.
                  Type '{ duration: number; delay: number; ease: number[]; }' is not assignable to type 'TransitionWithValueOverrides<any>'.
                    Type '{ duration: number; delay: number; ease: number[]; }' is not assignable to type 'ValueAnimationTransition<any>'.
                      Types of property 'ease' are incompatible.
                        Type 'number[]' is not assignable to type 'Easing | Easing[] | undefined'.
                          Type 'number[]' is not assignable to type 'EasingFunction | Easing[]'.
                            Type 'number[]' is not assignable to type 'Easing[]'.
                              Type 'number' is not assignable to type 'Easing'.
src/components/pages/TraceabilityPage.tsx(357,33): error TS2322: Type '{ hidden: { opacity: number; y: number; }; visible: (i?: number) => { opacity: number; y: number; transition: { duration: number; delay: number; ease: number[]; }; }; }' is not assignable to type 'Variants'.
  Property 'visible' is incompatible with index signature.
    Type '(i?: number) => { opacity: number; y: number; transition: { duration: number; delay: number; ease: number[]; }; }' is not assignable to type 'Variant'.
      Type '(i?: number) => { opacity: number; y: number; transition: { duration: number; delay: number; ease: number[]; }; }' is not assignable to type 'TargetResolver'.
        Type '{ opacity: number; y: number; transition: { duration: number; delay: number; ease: number[]; }; }' is not assignable to type 'string | TargetAndTransition'.
          Type '{ opacity: number; y: number; transition: { duration: number; delay: number; ease: number[]; }; }' is not assignable to type 'TargetAndTransition'.
            Type '{ opacity: number; y: number; transition: { duration: number; delay: number; ease: number[]; }; }' is not assignable to type '{ transition?: Transition<any> | undefined; transitionEnd?: ResolvedValues$1 | undefined; }'.
              Types of property 'transition' are incompatible.
                Type '{ duration: number; delay: number; ease: number[]; }' is not assignable to type 'Transition<any> | undefined'.
                  Type '{ duration: number; delay: number; ease: number[]; }' is not assignable to type 'TransitionWithValueOverrides<any>'.
                    Type '{ duration: number; delay: number; ease: number[]; }' is not assignable to type 'ValueAnimationTransition<any>'.
                      Types of property 'ease' are incompatible.
                        Type 'number[]' is not assignable to type 'Easing | Easing[] | undefined'.
                          Type 'number[]' is not assignable to type 'EasingFunction | Easing[]'.
                            Type 'number[]' is not assignable to type 'Easing[]'.
                              Type 'number' is not assignable to type 'Easing'.
src/components/pages/TraceabilityPage.tsx(380,23): error TS2322: Type '{ hidden: { opacity: number; y: number; }; visible: (i?: number) => { opacity: number; y: number; transition: { duration: number; delay: number; ease: number[]; }; }; }' is not assignable to type 'Variants'.
  Property 'visible' is incompatible with index signature.
    Type '(i?: number) => { opacity: number; y: number; transition: { duration: number; delay: number; ease: number[]; }; }' is not assignable to type 'Variant'.
      Type '(i?: number) => { opacity: number; y: number; transition: { duration: number; delay: number; ease: number[]; }; }' is not assignable to type 'TargetResolver'.
        Type '{ opacity: number; y: number; transition: { duration: number; delay: number; ease: number[]; }; }' is not assignable to type 'string | TargetAndTransition'.
          Type '{ opacity: number; y: number; transition: { duration: number; delay: number; ease: number[]; }; }' is not assignable to type 'TargetAndTransition'.
            Type '{ opacity: number; y: number; transition: { duration: number; delay: number; ease: number[]; }; }' is not assignable to type '{ transition?: Transition<any> | undefined; transitionEnd?: ResolvedValues$1 | undefined; }'.
              Types of property 'transition' are incompatible.
                Type '{ duration: number; delay: number; ease: number[]; }' is not assignable to type 'Transition<any> | undefined'.
                  Type '{ duration: number; delay: number; ease: number[]; }' is not assignable to type 'TransitionWithValueOverrides<any>'.
                    Type '{ duration: number; delay: number; ease: number[]; }' is not assignable to type 'ValueAnimationTransition<any>'.
                      Types of property 'ease' are incompatible.
                        Type 'number[]' is not assignable to type 'Easing | Easing[] | undefined'.
                          Type 'number[]' is not assignable to type 'EasingFunction | Easing[]'.
                            Type 'number[]' is not assignable to type 'Easing[]'.
                              Type 'number' is not assignable to type 'Easing'.
src/components/pages/TraceabilityPage.tsx(396,33): error TS2322: Type '{ hidden: { opacity: number; y: number; }; visible: (i?: number) => { opacity: number; y: number; transition: { duration: number; delay: number; ease: number[]; }; }; }' is not assignable to type 'Variants'.
  Property 'visible' is incompatible with index signature.
    Type '(i?: number) => { opacity: number; y: number; transition: { duration: number; delay: number; ease: number[]; }; }' is not assignable to type 'Variant'.
      Type '(i?: number) => { opacity: number; y: number; transition: { duration: number; delay: number; ease: number[]; }; }' is not assignable to type 'TargetResolver'.
        Type '{ opacity: number; y: number; transition: { duration: number; delay: number; ease: number[]; }; }' is not assignable to type 'string | TargetAndTransition'.
          Type '{ opacity: number; y: number; transition: { duration: number; delay: number; ease: number[]; }; }' is not assignable to type 'TargetAndTransition'.
            Type '{ opacity: number; y: number; transition: { duration: number; delay: number; ease: number[]; }; }' is not assignable to type '{ transition?: Transition<any> | undefined; transitionEnd?: ResolvedValues$1 | undefined; }'.
              Types of property 'transition' are incompatible.
                Type '{ duration: number; delay: number; ease: number[]; }' is not assignable to type 'Transition<any> | undefined'.
                  Type '{ duration: number; delay: number; ease: number[]; }' is not assignable to type 'TransitionWithValueOverrides<any>'.
                    Type '{ duration: number; delay: number; ease: number[]; }' is not assignable to type 'ValueAnimationTransition<any>'.
                      Types of property 'ease' are incompatible.
                        Type 'number[]' is not assignable to type 'Easing | Easing[] | undefined'.
                          Type 'number[]' is not assignable to type 'EasingFunction | Easing[]'.
                            Type 'number[]' is not assignable to type 'Easing[]'.
                              Type 'number' is not assignable to type 'Easing'.
